2026-02-16 10:59:53,264 | INFO | Profile: dev
2026-02-16 10:59:53,264 | INFO | Log level: INFO
2026-02-16 10:59:53,264 | INFO | Script started | report_type=None | provider=None | specific_file=None
2026-02-16 10:59:53,264 | INFO | Resolved file | path=D:\Lyra_Dev\AuthenticationReport\data\output\dummy_SR.xlsx | report_type=dummy | provider=SR.xlsx
2026-02-16 10:59:53,264 | INFO | Report file found | report_type=dummy | provider=SR.xlsx | file=dummy_SR.xlsx
2026-02-16 10:59:53,266 | INFO | Attachment file size | file=dummy_SR.xlsx | size_mb=0.01
2026-02-16 10:59:53,266 | INFO | File below size threshold, sending as-is | file=dummy_SR.xlsx
2026-02-16 10:59:53,269 | INFO | Access token loaded successfully
2026-02-16 10:59:53,272 | ERROR | Unhandled error occurred | provider=SR.xlsx | error='utf-8' codec can't decode byte 0x98 in position 16: invalid start byte
Traceback (most recent call last):
  File "D:\Lyra_Dev\email_sender\src\script\send_mail.py", line 147, in <module>
    htmltable = summary(file_path)
                ^^^^^^^^^^^^^^^^^^
  File "D:\Lyra_Dev\email_sender\src\script\mail_utils.py", line 65, in summary
    df = pd.read_csv(file_path, usecols=['STATUS','NETWORK'],
         ^^^^^^^^^^^^^^^^^^^^^^^^^^^^^^^^^^^^^^^^^^^^^^^^^^^^
  File "D:\Lyra_Dev\venv\mail_venv\Lib\site-packages\pandas\io\parsers\readers.py", line 1026, in read_csv
    return _read(filepath_or_buffer, kwds)
           ^^^^^^^^^^^^^^^^^^^^^^^^^^^^^^^
  File "D:\Lyra_Dev\venv\mail_venv\Lib\site-packages\pandas\io\parsers\readers.py", line 620, in _read
    parser = TextFileReader(filepath_or_buffer, **kwds)
             ^^^^^^^^^^^^^^^^^^^^^^^^^^^^^^^^^^^^^^^^^^
  File "D:\Lyra_Dev\venv\mail_venv\Lib\site-packages\pandas\io\parsers\readers.py", line 1620, in __init__
    self._engine = self._make_engine(f, self.engine)
                   ^^^^^^^^^^^^^^^^^^^^^^^^^^^^^^^^^
  File "D:\Lyra_Dev\venv\mail_venv\Lib\site-packages\pandas\io\parsers\readers.py", line 1898, in _make_engine
    return mapping[engine](f, **self.options)
           ^^^^^^^^^^^^^^^^^^^^^^^^^^^^^^^^^^
  File "D:\Lyra_Dev\venv\mail_venv\Lib\site-packages\pandas\io\parsers\c_parser_wrapper.py", line 93, in __init__
    self._reader = parsers.TextReader(src, **kwds)
                   ^^^^^^^^^^^^^^^^^^^^^^^^^^^^^^^
  File "pandas/_libs/parsers.pyx", line 574, in pandas._libs.parsers.TextReader.__cinit__
  File "pandas/_libs/parsers.pyx", line 663, in pandas._libs.parsers.TextReader._get_header
  File "pandas/_libs/parsers.pyx", line 874, in pandas._libs.parsers.TextReader._tokenize_rows
  File "pandas/_libs/parsers.pyx", line 891, in pandas._libs.parsers.TextReader._check_tokenize_status
  File "pandas/_libs/parsers.pyx", line 2053, in pandas._libs.parsers.raise_parser_error
UnicodeDecodeError: 'utf-8' codec can't decode byte 0x98 in position 16: invalid start byte
2026-02-16 11:01:48,854 | INFO | Profile: dev
2026-02-16 11:01:48,856 | INFO | Log level: INFO
2026-02-16 11:01:48,856 | INFO | Script started | report_type=None | provider=None | specific_file=None
2026-02-16 11:02:07,214 | INFO | Profile: dev
2026-02-16 11:02:07,214 | INFO | Log level: INFO
2026-02-16 11:02:07,214 | INFO | Script started | report_type=None | provider=None | specific_file=None
2026-02-16 11:02:07,215 | INFO | Resolved file | path=D:\Lyra_Dev\etl_structured\data\live_reports\mpireport_billing_2026-01-27_to_2026-01-28_lyraindia_stripe.csv | report_type=mpireport | provider=stripe
2026-02-16 11:02:07,215 | INFO | Report file found | report_type=mpireport | provider=stripe | file=mpireport_billing_2026-01-27_to_2026-01-28_lyraindia_stripe.csv
2026-02-16 11:02:07,215 | INFO | Attachment file size | file=mpireport_billing_2026-01-27_to_2026-01-28_lyraindia_stripe.csv | size_mb=0.21
2026-02-16 11:02:07,215 | INFO | File below size threshold, sending as-is | file=mpireport_billing_2026-01-27_to_2026-01-28_lyraindia_stripe.csv
2026-02-16 11:02:07,227 | INFO | Access token loaded successfully
2026-02-16 11:02:07,250 | INFO | Loaded CC mapping file | D:\Lyra_Dev\email_sender\mapping\cc_mapping.yaml
2026-02-16 11:02:07,250 | INFO | Recipients mail_id | [{'emailAddress': {'address': 'saad.wagle@lyra-network.co.in'}}]
2026-02-16 11:02:08,510 | INFO | Email sent successfully | provider=stripe | status=202
